1 filter filter filter 

2 2 100 4 

3 filter  filter  TRACE

4 filter  filter  TRACE

5 filter  filter  TRACE

6 filter  filter  TRACE

7 2 100 haha 

8 2 100 haha 

9 2 100 haha 

10 2 100 haha 

11 2 100 haha 

12 2 100 haha 

13 2 100 haha 

14 2 filter haha 

15 2 filter haha 

16 2 filter haha 

17 2 filter haha 

18 2 filter haha 

19 2 filter haha 

20 2 filter haha 

21 2 filter haha 
